
C:\Users\ykota\OneDrive\デスクトップ\ISCIE2020>if "Done-" == "" (
echo Need a parameter  
 exit /b 
) 

C:\Users\ykota\OneDrive\デスクトップ\ISCIE2020>git status 
On branch master
Your branch is up to date with 'origin/master'.

Changes not staged for commit:
  (use "git add/rm <file>..." to update what will be committed)
  (use "git restore <file>..." to discard changes in working directory)
	modified:   template/paper/paper_e.aux
	modified:   template/paper/paper_e.dvi
	modified:   template/paper/paper_e.log
	modified:   template/paper/paper_e.pdf
	deleted:    template/paper/paper_e.synctex.gz
	modified:   template/paper/paper_e.tex

Untracked files:
  (use "git add <file>..." to include in what will be committed)
	gitBatch.bat
	template/paper/paper_e.ps
	toSimulationAndVerification

no changes added to commit (use "git add" and/or "git commit -a")

C:\Users\ykota\OneDrive\デスクトップ\ISCIE2020>git add --all 

C:\Users\ykota\OneDrive\デスクトップ\ISCIE2020>git commit -m "Done-" 
[master 3d1326a] Done-
 9 files changed, 130280 insertions(+), 378 deletions(-)
 create mode 100644 gitBatch.bat
 rewrite template/paper/paper_e.dvi (96%)
 rewrite template/paper/paper_e.pdf (98%)
 create mode 100644 template/paper/paper_e.ps
 delete mode 100644 template/paper/paper_e.synctex.gz
 create mode 100644 toSimulationAndVerification

C:\Users\ykota\OneDrive\デスクトップ\ISCIE2020>git push origin master 
